
..\backend\musicas\gradlew.bat : C:\Users\Pau
li\Downloads\Projetos\Projeto_musicas\backend
\musicas\src\main\java\com\joaopaulo\musicas\
services\PlaylistService.java:133: error: 
cannot find symbol
No linha:1 caractere:1
+ ..\backend\musicas\gradlew.bat -p 
..\backend\musicas build -x test >  ...
+ ~~~~~~~~~~~~~~~~~~~~~~~~~~~~~~~~~~~~~~~~~~~
~~~~~~~~~~~~~~~~~~~~~~~~~~
    + CategoryInfo          : NotSpeci    
fied: (C:\Users\Pauli\...not find     
symbol:String) [], RemoteException
    + FullyQualifiedErrorId : NativeCo    
mmandError
 
> Task :compileJava
                            .isSpotify(true)
                            ^
  symbol:   method isSpotify(boolean)
  location: class MusicSaveRequestBuilder
C:\Users\Pauli\Downloads\Projetos\Projeto_mus
icas\backend\musicas\src\main\java\com\joaopa
ulo\musicas\services\PlaylistService.java:135
: error: incompatible types: List<Object> 
cannot be converted to List<MusicSaveRequest>
                    .toList();
                           ^
2 errors

> Task :compileJava FAILED

[Incubating] Problems report is available at: file:///C:/Users/Pauli/Downloads/Projetos/Projeto_musicas/backend/musicas/build/reports/problems/problems-report.html

FAILURE: Build failed with an exception.

* What went wrong:
Execution failed for task ':compileJava'.
> Compilation failed; see the compiler 
output below.
  C:\Users\Pauli\Downloads\Projetos\Projeto_m
usicas\backend\musicas\src\main\java\com\joao
paulo\musicas\services\PlaylistService.java:1
35: error: incompatible types: List<Object> 
cannot be converted to List<MusicSaveRequest>
                      .toList();
                             ^C:\Users\Pauli\
Downloads\Projetos\Projeto_musicas\backend\mu
sicas\src\main\java\com\joaopaulo\musicas\ser
vices\PlaylistService.java:133: error: 
cannot find symbol
                              
.isSpotify(true)
                              ^
    symbol:   method isSpotify(boolean)
    location: class MusicSaveRequestBuilder
  2 errors

* Try:
> Check your code and dependencies to fix 
the compilation error(s)
> Run with --scan to get full insights.

BUILD FAILED in 5s
1 actionable task: 1 executed
